// Jest Snapshot v1, https://goo.gl/fbAQLP

exports[`HomeContainer should match snapshot 1`] = `
<section
  className="HomeContainer"
>
  <div
    className="home-card"
  >
    <h2>
      Your Lastest Haiku
    </h2>
    <Haiku />
  </div>
  <div
    className="home-card"
  >
    <h2>
      Write a Haiku!
    </h2>
    <Connect(HaikuForm)
      redirect={[Function]}
    />
  </div>
</section>
`;
