// Jest Snapshot v1, https://goo.gl/fbAQLP

exports[`Haiku should match snapshot 1`] = `
<article
  className="Haiku"
>
  <h2>
    A Haiku about no haikus
  </h2>
  <p
    className="line-1"
  >
    You have no haikus.
  </p>
  <p
    className="line-2"
  >
    Why don't you try to write one?
  </p>
  <p
    className="line-3"
  >
    You will see it here!
  </p>
</article>
`;
